2026-05-28 12:35:01,428 [INFO] ═══════════════════════════════════
2026-05-28 12:35:01,428 [INFO]   SAM — Operational Cycle Starting 
2026-05-28 12:35:01,428 [INFO] ═══════════════════════════════════
2026-05-28 12:35:01,457 [INFO] ── Phase I: Deep Learning ──
2026-05-28 12:35:14,926 [INFO] Phase I complete.
2026-05-28 12:35:14,927 [INFO] ── Phase II: Spaced Repetition ──
2026-05-28 12:35:21,131 [INFO] Phase II complete.
2026-05-28 12:35:21,131 [INFO] ── Phase III: Market & Code Ingestion ──
2026-05-28 12:35:30,772 [INFO] Phase III complete.
2026-05-28 12:35:30,772 [INFO] ── Phase IV: Synthesis ──
2026-05-28 12:35:43,777 [INFO] IDEA_OF_THE_DAY.md written.
2026-05-28 12:35:43,777 [INFO] ── Phase V: Development & Refactor ──
2026-05-28 12:35:43,777 [INFO] motion.md read.
2026-05-28 12:35:58,439 [INFO] Phase V complete.
2026-05-28 12:35:58,440 [INFO] ── Phase VI: Cognitive Evolution ──
2026-05-28 12:36:08,352 [INFO] Phase VI complete.
2026-05-28 12:36:08,352 [INFO] ── Phase VII: State Saving ──
2026-05-28 12:36:08,353 [INFO] goals.json updated.
2026-05-28 12:36:08,353 [INFO] Snapshot saved → sam_20260528T123608Z.py
2026-05-28 12:36:08,353 [INFO] Cycle 1 complete. 1% metric: prompt_quality_improvement (cycle 1)
2026-05-28 12:36:08,353 [INFO] Cycle complete.
